<html>
<body>
<pre>
<h1>礦ision Build Log</h1>
<h2>Project:</h2>
E:\调焦器\SSFocuser - 20180319\SSFocuser - 20180319\Project\RVMDK（uv5）\BH-F103.uvprojx
Project File Date:  03/19/2018

<h2>Output:</h2>
Rebuild target 'Led'
assembling startup_stm32f10x_hd.s...
compiling core_cm3.c...
compiling system_stm32f10x.c...
compiling misc.c...
compiling stm32f10x_adc.c...
compiling stm32f10x_bkp.c...
compiling stm32f10x_can.c...
compiling stm32f10x_cec.c...
compiling stm32f10x_crc.c...
compiling stm32f10x_dac.c...
compiling stm32f10x_dbgmcu.c...
compiling stm32f10x_dma.c...
compiling stm32f10x_exti.c...
compiling stm32f10x_flash.c...
compiling stm32f10x_fsmc.c...
compiling stm32f10x_gpio.c...
compiling stm32f10x_i2c.c...
compiling stm32f10x_iwdg.c...
compiling stm32f10x_pwr.c...
compiling stm32f10x_rcc.c...
compiling stm32f10x_rtc.c...
compiling stm32f10x_sdio.c...
compiling stm32f10x_spi.c...
compiling stm32f10x_tim.c...
compiling stm32f10x_usart.c...
compiling stm32f10x_wwdg.c...
compiling main.c...
compiling stm32f10x_it.c...
compiling bsp_SysTick.c...
compiling bsp_usart.c...
compiling bsp_usart_blt.c...
compiling bsp_hc05.c...
compiling bsp_ds18b20.c...
compiling bsp_TiMbase.c...
compiling bsp_led.c...
compiling Exti44E.c...
compiling bsp_TimeCover.c...
linking...
Program Size: Code=20240 RO-data=492 RW-data=120 ZI-data=2768  
FromELF: creating hex file...
"..\..\Output\流水灯.axf" - 0 Error(s), 0 Warning(s).
over\bsp_TimeCover.h")
  void SetSpeedCover(FunctionalState NewState)
..\..\User\Contrlcover\bsp_TimeCover.c: 0 warnings, 1 error
"..\..\Output\流水灯.axf" - 1 Error(s), 0 Warning(s).
Target not created
 Error(s), 1 Warning(s).
r referenced
  static void BASIC_TIM_Mode_Config(void)
..\..\User\Contrlcover\bsp_TimeCover.c: 3 warnings, 0 errors
linking...
Program Size: Code=20464 RO-data=492 RW-data=120 ZI-data=2768  
FromELF: creating hex file...
"..\..\Output\流水灯.axf" - 0 Error(s), 3 Warning(s).

"..\..\Output\流水灯.axf" - 1 Error(s), 3 Warning(s).
Target not created
tputState_Enable; 
..\..\User\Contrlcover\bsp_TimeCover.c(155): error:  #7: unrecognized token
      TIM_OCInitStructure.TIM_OutputState = 　　TIM_OutputState_Enable; 
..\..\User\Contrlcover\bsp_TimeCover.c(162): warning:  #1-D: last line of file ends without a newline
  }
..\..\User\Contrlcover\bsp_TimeCover.c(24): warning:  #177-D: function "BASIC_TIM_NVIC_Config" was declared but never referenced
  static void BASIC_TIM_NVIC_Config(void)
..\..\User\Contrlcover\bsp_TimeCover.c(39): warning:  #177-D: function "BASIC_TIM_Mode_Config" was declared but never referenced
  static void BASIC_TIM_Mode_Config(void)
..\..\User\Contrlcover\bsp_TimeCover.c: 3 warnings, 6 errors
"..\..\Output\流水灯.axf" - 6 Error(s), 3 Warning(s).
Target not created
;    
..\..\User\Contrlcover\bsp_TimeCover.c(149): error:  #7: unrecognized token
  　TIM_TimeBaseStructure.TIM_CounterMode = 　TIM_CounterMode_Up;   
..\..\User\Contrlcover\bsp_TimeCover.c(149): error:  #29: expected an expression
  　TIM_TimeBaseStructure.TIM_CounterMode = 　TIM_CounterMode_Up;   
..\..\User\Contrlcover\bsp_TimeCover.c(149): error:  #7: unrecognized token
  　TIM_TimeBaseStructure.TIM_CounterMode = 　TIM_CounterMode_Up;   
..\..\User\Contrlcover\bsp_TimeCover.c(150): error:  #7: unrecognized token
  　TIM_TimeBaseInit(TIM2, &TIM_TimeBaseStructure);
..\..\User\Contrlcover\bsp_TimeCover.c(150): error:  #29: expected an expression
  　TIM_TimeBaseInit(TIM2, &TIM_TimeBaseStructure);
..\..\User\Contrlcover\bsp_TimeCover.c(152): error:  #7: unrecognized token
  　TIM_ClearITPendingBit(TIM2,  TIM_IT_Update); 
..\..\User\Contrlcover\bsp_TimeCover.c(152): error:  #29: expected an expression
  　TIM_ClearITPendingBit(TIM2,  TIM_IT_Update); 
..\..\User\Contrlcover\bsp_TimeCover.c(153): error:  #7: unrecognized token
  　TIM_ITConfig(TIM2,  TIM_IT_Update, ENABLE);
..\..\User\Contrlcover\bsp_TimeCover.c(153): error:  #29: expected an expression
  　TIM_ITConfig(TIM2,  TIM_IT_Update, ENABLE);
..\..\User\Contrlcover\bsp_TimeCover.c(154): error:  #7: unrecognized token
  　TIM_OCInitStructure.TIM_OCMode = TIM_OCMode_PWM1; 
..\..\User\Contrlcover\bsp_TimeCover.c(154): error:  #29: expected an expression
  　TIM_OCInitStructure.TIM_OCMode = TIM_OCMode_PWM1; 
..\..\User\Contrlcover\bsp_TimeCover.c(155): error:  #7: unrecognized token
  　TIM_OCInitStructure.TIM_OutputState = 　　TIM_OutputState_Enable; 
..\..\User\Contrlcover\bsp_TimeCover.c(155): error:  #29: expected an expression
  　TIM_OCInitStructure.TIM_OutputState = 　　TIM_OutputState_Enable; 
..\..\User\Contrlcover\bsp_TimeCover.c(155): error:  #7: unrecognized token
  　TIM_OCInitStructure.TIM_OutputState = 　　TIM_OutputState_Enable; 
..\..\User\Contrlcover\bsp_TimeCover.c(155): error:  #7: unrecognized token
  　TIM_OCInitStructure.TIM_OutputState = 　　TIM_OutputState_Enable; 
..\..\User\Contrlcover\bsp_TimeCover.c(156): error:  #7: unrecognized token
  　TIM_OCInitStructure.TIM_Pulse = 500-1;     
..\..\User\Contrlcover\bsp_TimeCover.c(156): error:  #29: expected an expression
  　TIM_OCInitStructure.TIM_Pulse = 500-1;     
..\..\User\Contrlcover\bsp_TimeCover.c(157): error:  #7: unrecognized token
  　TIM_OCInitStructure.TIM_OCPolarity = TIM_OCPolarity_Low;
..\..\User\Contrlcover\bsp_TimeCover.c(157): error:  #29: expected an expression
  　TIM_OCInitStructure.TIM_OCPolarity = TIM_OCPolarity_Low;
..\..\User\Contrlcover\bsp_TimeCover.c: 0 warnings, 30 errors
"..\..\Output\流水灯.axf" - 30 Error(s), 0 Warning(s).
Target not created
